[web.archive.org/web/20020124172001/http_/www.missouridems.org/index.html]
[web-static.archive.org/_static/js/bundle-playback5c82.js]
[web-static.archive.org/_static/js/wombat9b8c.js]
[web-static.archive.org/_static/js/ruffle/ruffle.js]
[web-static.archive.org/_static/css/banner-styles3ae1.css]
[backblue.gif]
[fade.gif]
[index.html]
[web-static.archive.org/_static/css/iconochive29a7.css]
[web.archive.org/web/20020205015713cs_/http_/www.missouridems.org/_themes/modems2/mode1111.css]
[web.archive.org/web/20020321030945im_/http_/missouridems.org/images/banner_trns.gif]
[web.archive.org/web/20020321003258/http_/missouridems.org/_derived/home_cmp_modems2110_vbtn_p.gif]
[web.archive.org/web/20020406025021/http_/missouridems.org/_derived/home_cmp_modems2110_vbtn_a.gif]
[web.archive.org/web/20020321003258im_/http_/missouridems.org/_derived/home_cmp_modems2110_vbtn_p.gif]
[web.archive.org/web/20020321034349/http_/missouridems.org/involved/_derived/index.htm_cmp_modems2110_vbtn.gif]
[web.archive.org/web/20020321041006/http_/missouridems.org/involved/_derived/index.htm_cmp_modems2110_vbtn_a.gif]
[web.archive.org/web/20020321034349im_/http_/missouridems.org/involved/_derived/index.htm_cmp_modems2110_vbtn.gif]
[web.archive.org/web/20020127180749/http_/www.missouridems.org/candidate/_derived/CandidateLink.htm_cmp_modems2110_vbtn.gif]
[web.archive.org/web/20020321012157/http_/missouridems.org/candidate/_derived/CandidateLink.htm_cmp_modems2110_vbtn_a.gif]
[web.archive.org/web/20020127180749im_/http_/www.missouridems.org/candidate/_derived/CandidateLink.htm_cmp_modems2110_vbtn.gif]
[web.archive.org/web/20020127061924/http_/www.missouridems.org/Calendar/_derived/calendar.asp_cmp_modems2110_vbtn.gif]
[web.archive.org/web/20020320232934/http_/missouridems.org/Calendar/_derived/calendar.asp_cmp_modems2110_vbtn_a.gif]
[web.archive.org/web/20020127061924im_/http_/www.missouridems.org/Calendar/_derived/calendar.asp_cmp_modems2110_vbtn.gif]
[web.archive.org/web/20020321044013/http_/missouridems.org/press/_derived/press.htm_cmp_modems2110_vbtn.gif]
[web.archive.org/web/20020321045224/http_/missouridems.org/press/_derived/press.htm_cmp_modems2110_vbtn_a.gif]
[web.archive.org/web/20020321044013im_/http_/missouridems.org/press/_derived/press.htm_cmp_modems2110_vbtn.gif]
[web.archive.org/web/20020321021025/http_/missouridems.org/hotline/_derived/Hotline.htm_cmp_modems2110_vbtn.gif]
[web.archive.org/web/20020321024421/http_/missouridems.org/hotline/_derived/Hotline.htm_cmp_modems2110_vbtn_a.gif]
[web.archive.org/web/20020321021025im_/http_/missouridems.org/hotline/_derived/Hotline.htm_cmp_modems2110_vbtn.gif]
[web.archive.org/web/20020321051315/http_/missouridems.org/talking/_derived/LinksMain.htm_cmp_modems2110_vbtn.gif]
[web.archive.org/web/20020408022057/http_/missouridems.org/talking/_derived/LinksMain.htm_cmp_modems2110_vbtn_a.gif]
[web.archive.org/web/20020321051315im_/http_/missouridems.org/talking/_derived/LinksMain.htm_cmp_modems2110_vbtn.gif]
[web.archive.org/web/20020321013043/http_/missouridems.org/common/_derived/staff.htm_cmp_modems2110_vbtn.gif]
[web.archive.org/web/20020321015819/http_/missouridems.org/common/_derived/staff.htm_cmp_modems2110_vbtn_a.gif]
[web.archive.org/web/20020321013043im_/http_/missouridems.org/common/_derived/staff.htm_cmp_modems2110_vbtn.gif]
[web.archive.org/web/20011222043458im_/http_/missouridems.org/images/rwbbkgd.gif]
[web.archive.org/web/20020323174109im_/http_/missouridems.org/images/signup.gif]
[web.archive.org/web/20011221165002im_/http_/democrats.org/applets/applet2/applet2.gif]
[web.archive.org/web/20020124172001im_/http_/www.missouridems.org/Senator Carnahan/USSTR.jpg]
[web.archive.org/web/20020323184258im_/http_/missouridems.org/morems.gif]
[web.archive.org/web/20020124172001/http_/www.missouridems.org/index.html]
[web-static.archive.org/_static/css/banner-styles3ae1.css]
[web-static.archive.org/_static/css/iconochive29a7.css]
[web.archive.org/web/20020205015713im_/http_/www.missouridems.org/_themes/modems2/ablrule.gif]
[web.archive.org/web/20020205015713im_/http_/www.missouridems.org/_themes/modems2/bullet_sm_trns.gif]
[web.archive.org/web/20020205015713im_/http_/www.missouridems.org/_themes/modems2/check_off_trns.gif]
[web.archive.org/web/20020205015713im_/http_/www.missouridems.org/_themes/modems2/check_active_trns.gif]
[web.archive.org/web/20020205015713im_/http_/www.missouridems.org/_themes/modems2/check_on_trns.gif]
[web.archive.org/web/20020205015713im_/http_/www.missouridems.org/_themes/modems2/check_off_new.gif]
[web.archive.org/web/20020205015713im_/http_/www.missouridems.org/_themes/modems2/check_on_new.gif]
[web.archive.org/web/20020205015713im_/http_/www.missouridems.org/_themes/modems2/check_active_new_red.gif]
[web.archive.org/web/20020205015713im_/http_/www.missouridems.org/_themes/modems2/nav2.gif]
[web.archive.org/web/20020205015713im_/http_/www.missouridems.org/_themes/modems2/nav_on2.gif]
[web.archive.org/web/20020205015713im_/http_/www.missouridems.org/_themes/modems2/bullet_trns.gif]
[web.archive.org/web/20020205015713im_/http_/www.missouridems.org/_themes/modems2/blglb.gif]
[web.archive.org/web/20120226195810im_/http_/www.missouridems.org/_themes/modems2/bak2.jpg]
[web.archive.org/web/20020205015713cs_/http_/www.missouridems.org/_themes/modems2/mode1111.css]
[web.archive.org/web/20020124172001im_/http_/www.missouridems.org/Senator Carnahan/USSTR.html]
[web.archive.org/web/20020323184258im_/http_/missouridems.org/morems.html]
[web.archive.org/web/20020205015713im_/http_/www.missouridems.org/_themes/modems2/ablrule.html]
[web.archive.org/web/20020205015713im_/http_/www.missouridems.org/_themes/modems2/bullet_sm_trns.html]
[web.archive.org/web/20020205015713im_/http_/www.missouridems.org/_themes/modems2/check_off_trns.html]
[web.archive.org/web/20020205015713im_/http_/www.missouridems.org/_themes/modems2/check_active_trns.html]
[web.archive.org/web/20020205015713im_/http_/www.missouridems.org/_themes/modems2/check_on_trns.html]
[web.archive.org/web/20020205015713im_/http_/www.missouridems.org/_themes/modems2/check_off_new.html]
[web.archive.org/web/20020205015713im_/http_/www.missouridems.org/_themes/modems2/check_on_new.html]
[web.archive.org/web/20020205015713im_/http_/www.missouridems.org/_themes/modems2/check_active_new_red.html]
[web.archive.org/web/20020205015713im_/http_/www.missouridems.org/_themes/modems2/nav2.html]
[web.archive.org/web/20020205015713im_/http_/www.missouridems.org/_themes/modems2/nav_on2.html]
[web.archive.org/web/20020205015713im_/http_/www.missouridems.org/_themes/modems2/bullet_trns.html]
[web.archive.org/web/20020205015713im_/http_/www.missouridems.org/_themes/modems2/blglb.html]
[web.archive.org/web/20120226195810im_/http_/www.missouridems.org/_themes/modems2/bak2.html]
