[web.archive.org/web/20031010071003/http_/www.mocerf.org/index.html]
[web-static.archive.org/_static/js/bundle-playback5c82.js]
[web-static.archive.org/_static/js/wombat9b8c.js]
[web-static.archive.org/_static/js/ruffle/ruffle.js]
[web-static.archive.org/_static/css/banner-styles3ae1.css]
[backblue.gif]
[fade.gif]
[index.html]
[web-static.archive.org/_static/css/iconochive29a7.css]
[web.archive.org/web/20031010071003cs_/http_/www.mocerf.org/_themes/mocerf/moce1111.css]
[web.archive.org/web/20031025071604/http_/www.mocerf.org/SavingsPlan/_derived/SavingsPlan.htm_cmp_mocerf110_vbtn.gif]
[web.archive.org/web/20031025084415/http_/www.mocerf.org/SavingsPlan/_derived/SavingsPlan.htm_cmp_mocerf110_vbtn_a.gif]
[web.archive.org/web/20031025071604im_/http_/www.mocerf.org/SavingsPlan/_derived/SavingsPlan.htm_cmp_mocerf110_vbtn.gif]
[web.archive.org/web/20031025033453/http_/www.mocerf.org/PensionPlan/_derived/PensionPlan.htm_cmp_mocerf110_vbtn.gif]
[web.archive.org/web/20031025052141/http_/www.mocerf.org/PensionPlan/_derived/PensionPlan.htm_cmp_mocerf110_vbtn_a.gif]
[web.archive.org/web/20031025033453im_/http_/www.mocerf.org/PensionPlan/_derived/PensionPlan.htm_cmp_mocerf110_vbtn.gif]
[web.archive.org/web/20031025104418/http_/www.mocerf.org/_derived/Demographics.htm_cmp_mocerf110_vbtn.gif]
[web.archive.org/web/20031025115914/http_/www.mocerf.org/_derived/Demographics.htm_cmp_mocerf110_vbtn_a.gif]
[web.archive.org/web/20031025104418im_/http_/www.mocerf.org/_derived/Demographics.htm_cmp_mocerf110_vbtn.gif]
[web.archive.org/web/20021008090354/http_/mocerf.org/BoardofDirectors/_derived/aboutboard.htm_cmp_mocerf110_vbtn.gif]
[web.archive.org/web/20031024233047/http_/www.mocerf.org/BoardofDirectors/_derived/aboutboard.htm_cmp_mocerf110_vbtn_a.gif]
[web.archive.org/web/20021008090354im_/http_/mocerf.org/BoardofDirectors/_derived/aboutboard.htm_cmp_mocerf110_vbtn.gif]
[web.archive.org/web/20021013095440/http_/mocerf.org/_derived/publications.htm_cmp_mocerf110_vbtn.gif]
[web.archive.org/web/20031026044833/http_/www.mocerf.org/_derived/publications.htm_cmp_mocerf110_vbtn_a.gif]
[web.archive.org/web/20031025161724/http_/www.mocerf.org/_derived/forms.asp_cmp_mocerf110_vbtn.gif]
[web.archive.org/web/20031025174254/http_/www.mocerf.org/_derived/forms.asp_cmp_mocerf110_vbtn_a.gif]
[web.archive.org/web/20031025161724im_/http_/www.mocerf.org/_derived/forms.asp_cmp_mocerf110_vbtn.gif]
[web.archive.org/web/20031025191834/http_/www.mocerf.org/_derived/investperf.htm_cmp_mocerf110_vbtn.gif]
[web.archive.org/web/20031025205034/http_/www.mocerf.org/_derived/investperf.htm_cmp_mocerf110_vbtn_a.gif]
[web.archive.org/web/20031025191834im_/http_/www.mocerf.org/_derived/investperf.htm_cmp_mocerf110_vbtn.gif]
[web.archive.org/web/20031025003647/http_/www.mocerf.org/Glossary/_derived/glossary.htm_cmp_mocerf110_vbtn.gif]
[web.archive.org/web/20020604233709/http_/mocerf.org/Glossary/_derived/glossary.htm_cmp_mocerf110_vbtn_a.gif]
[web.archive.org/web/20031025003647im_/http_/www.mocerf.org/Glossary/_derived/glossary.htm_cmp_mocerf110_vbtn.gif]
[web.archive.org/web/20020810224951/http_/mocerf.org/_derived/search.htm_cmp_mocerf110_vbtn.gif]
[web.archive.org/web/20031026074321/http_/www.mocerf.org/_derived/search.htm_cmp_mocerf110_vbtn_a.gif]
[web.archive.org/web/20031026090038/http_/www.mocerf.org/_derived/sitemap.htm_cmp_mocerf110_vbtn.gif]
[web.archive.org/web/20020608221331/http_/mocerf.org/_derived/sitemap.htm_cmp_mocerf110_vbtn_a.gif]
[web.archive.org/web/20031026090038im_/http_/www.mocerf.org/_derived/sitemap.htm_cmp_mocerf110_vbtn.gif]
[web.archive.org/web/20031025134207/http_/www.mocerf.org/_derived/contact.htm_cmp_mocerf110_vbtn.gif]
[web.archive.org/web/20031025145724/http_/www.mocerf.org/_derived/contact.htm_cmp_mocerf110_vbtn_a.gif]
[web.archive.org/web/20031025134207im_/http_/www.mocerf.org/_derived/contact.htm_cmp_mocerf110_vbtn.gif]
[web.archive.org/web/20031025233358/http_/www.mocerf.org/_derived/privacypolicy.htm_cmp_mocerf110_vbtn.gif]
[web.archive.org/web/20021011011927/http_/mocerf.org/_derived/privacypolicy.htm_cmp_mocerf110_vbtn_a.gif]
[web.archive.org/web/20031025233358im_/http_/www.mocerf.org/_derived/privacypolicy.htm_cmp_mocerf110_vbtn.gif]
[web.archive.org/web/20031010071003/http_/www.mocerf.org/Content/Sample Periodic Payroll report (Excel 95 version).xls]
[web.archive.org/web/20031010071003/http_/www.mocerf.org/Content/When You Retire.pdf]
[web.archive.org/web/20031010071003/http_/www.mocerf.org/index.html]
[web-static.archive.org/_static/css/banner-styles3ae1.css]
[web-static.archive.org/_static/css/iconochive29a7.css]
[web.archive.org/web/20031010071003cs_/http_/www.mocerf.org/_themes/mocerf/moce1111.html]
[web.archive.org/web/20021013224925im_/http_/mocerf.org/images/CERF_logo.html]
[web.archive.org/web/20021013095440/http_/mocerf.org/_derived/publications.htm_cmp_mocerf110_vbtn.html]
[web.archive.org/web/20021013095440im_/http_/mocerf.org/_derived/publications.htm_cmp_mocerf110_vbtn.html]
[web.archive.org/web/20020604233709/http_/mocerf.org/Glossary/_derived/glossary.htm_cmp_mocerf110_vbtn_a.html]
[web.archive.org/web/20020810224951/http_/mocerf.org/_derived/search.htm_cmp_mocerf110_vbtn.html]
[web.archive.org/web/20020810224951im_/http_/mocerf.org/_derived/search.htm_cmp_mocerf110_vbtn.html]
[web.archive.org/web/20020608221331/http_/mocerf.org/_derived/sitemap.htm_cmp_mocerf110_vbtn_a.html]
[web.archive.org/web/20021011011927/http_/mocerf.org/_derived/privacypolicy.htm_cmp_mocerf110_vbtn_a.html]
[web.archive.org/web/20031010071003/http_/www.mocerf.org/Content/Sample Periodic Payroll report (Excel 95 version).html]
[web.archive.org/web/20031010071003/http_/www.mocerf.org/Content/When You Retire.html]
